#-----------------------------------------------------------
# Vivado v2025.2 (64-bit)
# SW Build 6299465 on Fri Nov 14 19:35:11 GMT 2025
# IP Build 6300035 on Fri Nov 14 10:48:45 MST 2025
# SharedData Build 6298862 on Thu Nov 13 04:50:51 MST 2025
# Start of session at: Wed May 13 02:07:06 2026
# Process ID         : 22384
# Current directory  : D:/Desktop/CU/Y2/S2/HW_Lab/final/final_project_320_640/final_project_320_640.runs/clk_wiz_0_synth_1
# Command line       : vivado.exe -log clk_wiz_0.vds -product Vivado -mode batch -messageDb vivado.pb -notrace -source clk_wiz_0.tcl
# Log file           : D:/Desktop/CU/Y2/S2/HW_Lab/final/final_project_320_640/final_project_320_640.runs/clk_wiz_0_synth_1/clk_wiz_0.vds
# Journal file       : D:/Desktop/CU/Y2/S2/HW_Lab/final/final_project_320_640/final_project_320_640.runs/clk_wiz_0_synth_1\vivado.jou
# Running On         : Siripudsorn
# Platform           : Windows Server 2016 or Windows 10
# Operating System   : 26200
# Processor Detail   : 12th Gen Intel(R) Core(TM) i7-12650H
# CPU Frequency      : 2688 MHz
# CPU Physical cores : 10
# CPU Logical cores  : 16
# Host memory        : 16868 MB
# Swap memory        : 4563 MB
# Total Virtual      : 21432 MB
# Available Virtual  : 2721 MB
#-----------------------------------------------------------
source clk_wiz_0.tcl -notrace
